---
source: crates/lulu-prep/tests/fixture_snapshots.rs
expression: report.normalized_for_diff()
---
{
  "catalog_fetch_date": "2026-09-03",
  "detected_tools": [],
  "findings": [
    {
      "code": "geometry.unreadable-page-box",
      "fixable": false,
      "message": "1 page(s) have no resolvable page box (an indirect TrimBox/BleedBox/CropBox/MediaBox reference that does not resolve, or no box at all)",
      "pages": [
        1
      ],
      "severity": "blocking"
    },
    {
      "code": "page-count.below-minimum",
      "expected": ">= 32",
      "fixable": true,
      "message": "1 pages is below this product's 32-page minimum; 31 blank page(s) would be appended to reach 32",
      "observed": "1",
      "severity": "blocking"
    }
  ],
  "generated_at": null,
  "page_count": 1,
  "product_sku": "0600X0900.BW.STD.PB.060UW444.MXX",
  "schema_version": 1,
  "stages": [],
  "tool_version": "0.1.0"
}
